// Jest Snapshot v1, https://goo.gl/fbAQLP

exports[`<MyForm/> issues snapshot 1`] = `
<form
  className="form p-5 mx-auto my-2 gray lighten-2"
  onSubmit={[Function]}
>
  <h3>
    Angela Agina
  </h3>
  <h4 />
  <p>
    You just want attention
  </p>
  <ul
    className="list-group"
  >
    <li
      className="list-group-item"
      key="1"
    >
      All you need to know
       
      <span
        className="text-danger ml-5"
        onClick={[Function]}
      >
        X
      </span>
    </li>
    <li
      className="list-group-item"
      key="2"
    >
      I need your love
       
      <span
        className="text-danger ml-5"
        onClick={[Function]}
      >
        X
      </span>
    </li>
    <li
      className="list-group-item"
      key="3"
    >
      Unit testing manenos
       
      <span
        className="text-danger ml-5"
        onClick={[Function]}
      >
        X
      </span>
    </li>
  </ul>
  <label>
    Enter text
  </label>
  <textarea
    className="form-control my-2"
    onChange={[Function]}
    value=""
  />
  <input
    className="btn blue lighten-1"
    type="submit"
    value="Send Naah"
  />
</form>
`;

exports[`<Text area/> 1`] = `
<div>
  <h3 />
  <label>
    *Enter Message
  </label>
  <textarea
    onChange={[Function]}
    value={10}
  />
  <p
    className="text-sucess"
  >
    Karibu
  </p>
</div>
`;
